// Jest Snapshot v1, https://goo.gl/fbAQLP

exports[`CART renders and matches snapshot 1`] = `
<header>
  <CloseButton
    onClick={[Function]}
    title="close"
  >
    <button
      className="CloseButton-sc-7151hm-0 kktGeb"
      onClick={[Function]}
      title="close"
    >
      Ã—
    </button>
  </CloseButton>
  <Supreme>
    <h3
      className="Supreme-xza65r-0 hMFNtA"
    >
      Miss Coleman Berge
      's Cart
    </h3>
  </Supreme>
  <p>
    You have 
    1
     Item
     in your cart.
  </p>
</header>
`;
