// Jest Snapshot v1, https://goo.gl/fbAQLP

exports[`CART ITEM renders and matches snapshot with cart item 1`] = `
<CartItem
  cartItem={
    Object {
      "id": "5",
      "item": Object {
        "id": 1,
        "title": "landscape",
      },
    }
  }
>
  <CartItem__CartItemStyles>
    <li
      className="CartItem__CartItemStyles-xrdx0c-0 fQTlwp"
    >
      <img
        alt="landscape"
        width="100"
      />
      <div
        className="cart-item-details"
      >
        <h3>
          landscape
        </h3>
        <p>
          $NaN
          -
          <em>
             × 
            $NaN
             each
          </em>
        </p>
      </div>
      <RemoveFromCart
        id="5"
      >
        <Mutation
          mutation={
            Object {
              "definitions": Array [
                Object {
                  "directives": Array [],
                  "kind": "OperationDefinition",
                  "name": Object {
                    "kind": "Name",
                    "value": "removeFromCart",
                  },
                  "operation": "mutation",
                  "selectionSet": Object {
                    "kind": "SelectionSet",
                    "selections": Array [
                      Object {
                        "alias": undefined,
                        "arguments": Array [
                          Object {
                            "kind": "Argument",
                            "name": Object {
                              "kind": "Name",
                              "value": "id",
                            },
                            "value": Object {
                              "kind": "Variable",
                              "name": Object {
                                "kind": "Name",
                                "value": "id",
                              },
                            },
                          },
                        ],
                        "directives": Array [],
                        "kind": "Field",
                        "name": Object {
                          "kind": "Name",
                          "value": "removeFromCart",
                        },
                        "selectionSet": Object {
                          "kind": "SelectionSet",
                          "selections": Array [
                            Object {
                              "alias": undefined,
                              "arguments": Array [],
                              "directives": Array [],
                              "kind": "Field",
                              "name": Object {
                                "kind": "Name",
                                "value": "id",
                              },
                              "selectionSet": undefined,
                            },
                          ],
                        },
                      },
                    ],
                  },
                  "variableDefinitions": Array [
                    Object {
                      "defaultValue": undefined,
                      "kind": "VariableDefinition",
                      "type": Object {
                        "kind": "NonNullType",
                        "type": Object {
                          "kind": "NamedType",
                          "name": Object {
                            "kind": "Name",
                            "value": "ID",
                          },
                        },
                      },
                      "variable": Object {
                        "kind": "Variable",
                        "name": Object {
                          "kind": "Name",
                          "value": "id",
                        },
                      },
                    },
                  ],
                },
              ],
              "kind": "Document",
              "loc": Object {
                "end": 88,
                "start": 0,
              },
            }
          }
          optimisticResponse={
            Object {
              "__typename": "Mutation",
              "removeFromCart": Object {
                "__typename": "CartItem",
                "id": "5",
              },
            }
          }
          update={[Function]}
          variables={
            Object {
              "id": "5",
            }
          }
        >
          <RemoveFromCart__BigButton
            disabled={false}
            onClick={[Function]}
            title="Delete Item"
          >
            <button
              className="RemoveFromCart__BigButton-sc-1tq5xu5-0 WgPXB"
              disabled={false}
              onClick={[Function]}
              title="Delete Item"
            >
              ×
            </button>
          </RemoveFromCart__BigButton>
        </Mutation>
      </RemoveFromCart>
    </li>
  </CartItem__CartItemStyles>
</CartItem>
`;

exports[`CART ITEM renders and matches snapshot without cart item 1`] = `
<CartItem
  cartItem={Object {}}
>
  <CartItem__CartItemStyles>
    <li
      className="CartItem__CartItemStyles-xrdx0c-0 fQTlwp"
    >
      <p>
        This item has been removed!
      </p>
    </li>
  </CartItem__CartItemStyles>
</CartItem>
`;
