// Jest Snapshot v1, https://goo.gl/fbAQLP

exports[`CREATEItTEM renders and matches snapshot 1`] = `null`;
