// Jest Snapshot v1, https://goo.gl/fbAQLP

exports[`META renders and matches snapshot 1`] = `
<Meta>
  <SideEffect(Head)>
    <Head />
  </SideEffect(Head)>
</Meta>
`;
