// Jest Snapshot v1, https://goo.gl/fbAQLP

exports[`NAV renders a minimal nav when signed out 1`] = `
<ul
  className="NavStyles-sc-10phz6m-0 iOcXya"
  data-test="nav"
>
  <button
    className="mobile-checkbox"
    id="mobile-toggle"
    onClick={[Function]}
  />
  <label
    className="mobile-btn"
    htmlFor="mobile-toggle"
  >
    <span
      className="mobile-icon"
    >
       
    </span>
  </label>
  <div
    className="mobile-bkg"
  >
     
  </div>
  <div
    className="web-nav"
  >
    <Link
      href="/items"
    >
      <a
        href="/items"
        onClick={[Function]}
      >
        Shop
      </a>
    </Link>
    <Link
      href="/signup"
    >
      <a
        href="/signup"
        onClick={[Function]}
      >
        Signup
      </a>
    </Link>
    <Link
      href="/signin"
    >
      <a
        href="/signin"
        onClick={[Function]}
      >
        Signin
      </a>
    </Link>
  </div>
</ul>
`;
