// Jest Snapshot v1, https://goo.gl/fbAQLP

exports[`ORDER renders the order 1`] = `null`;
