// Jest Snapshot v1, https://goo.gl/fbAQLP

exports[`SINGLEITEM errors with a not found item 1`] = `
<p
  data-test="graphql-error"
>
  <strong>
    Shoot!
  </strong>
  Items Not Found!
</p>
`;

exports[`SINGLEITEM renders with proper data 1`] = `null`;
